# Command: python train_ditto.py --task Structured/Amazon-Google-k50-s456 --batch_size 32 --max_len 256 --lr 3e-05 --n_epochs 15 --lm roberta --run_id 456 --logdir /content/drive/MyDrive/slr-experiment/models/checkpoints/Structured/Amazon-Google-k50-s456 --save_model --da del --dk product
# cwd: /content/drive/MyDrive/slr-experiment/ditto

/usr/local/lib/python3.12/dist-packages/spacy/pipeline/lemmatizer.py:187: UserWarning: [W108] The rule-based lemmatizer did not find POS annotation for one or more tokens. Check that your pipeline includes components that assign token.pos, typically 'tagger'+'attribute_ruler' or 'morphologizer'.
  warnings.warn(Warnings.W108)
2026-06-22 05:03:58.254808: I tensorflow/core/platform/cpu_feature_guard.cc:210] This TensorFlow binary is optimized to use available CPU instructions in performance-critical operations.
To enable the following instructions: AVX2 AVX512F FMA, in other operations, rebuild TensorFlow with the appropriate compiler flags.
Some weights of RobertaModel were not initialized from the model checkpoint at roberta-base and are newly initialized: ['pooler.dense.bias', 'pooler.dense.weight']
You should probably TRAIN this model on a down-stream task to be able to use it for predictions and inference.
step: 0, loss: 0.9087395668029785
epoch 1: dev_f1=0.185199841709537, f1=0.185199841709537, best_f1=0.185199841709537
step: 0, loss: 0.6516730785369873
epoch 2: dev_f1=0.2026315789473684, f1=0.2094240837696335, best_f1=0.2094240837696335
step: 0, loss: 0.3921412229537964
epoch 3: dev_f1=0.185199841709537, f1=0.185199841709537, best_f1=0.2094240837696335
step: 0, loss: 0.19432565569877625
epoch 4: dev_f1=0.185199841709537, f1=0.185199841709537, best_f1=0.2094240837696335
step: 0, loss: 0.24083323776721954
epoch 5: dev_f1=0.185199841709537, f1=0.185199841709537, best_f1=0.2094240837696335
step: 0, loss: 0.26960092782974243
epoch 6: dev_f1=0.185199841709537, f1=0.185199841709537, best_f1=0.2094240837696335
step: 0, loss: 0.24065864086151123
epoch 7: dev_f1=0.185199841709537, f1=0.185199841709537, best_f1=0.2094240837696335
step: 0, loss: 0.44255825877189636
epoch 8: dev_f1=0.185199841709537, f1=0.185199841709537, best_f1=0.2094240837696335
step: 0, loss: 0.39282625913619995
epoch 9: dev_f1=0.185199841709537, f1=0.185199841709537, best_f1=0.2094240837696335
step: 0, loss: 0.3391745686531067
epoch 10: dev_f1=0.185199841709537, f1=0.185199841709537, best_f1=0.2094240837696335
step: 0, loss: 0.32503193616867065
epoch 11: dev_f1=0.185199841709537, f1=0.185199841709537, best_f1=0.2094240837696335
step: 0, loss: 0.23938781023025513
epoch 12: dev_f1=0.185199841709537, f1=0.185199841709537, best_f1=0.2094240837696335
step: 0, loss: 0.34144580364227295
epoch 13: dev_f1=0.185199841709537, f1=0.185199841709537, best_f1=0.2094240837696335
step: 0, loss: 0.3998531103134155
epoch 14: dev_f1=0.185199841709537, f1=0.185199841709537, best_f1=0.2094240837696335
step: 0, loss: 0.2807532548904419
epoch 15: dev_f1=0.185199841709537, f1=0.185199841709537, best_f1=0.2094240837696335
