# Command: python train_ditto.py --task Structured/Amazon-Google-k25-s456 --batch_size 32 --max_len 256 --lr 3e-05 --n_epochs 15 --lm roberta --run_id 456 --logdir /content/drive/MyDrive/slr-experiment/models/checkpoints/Structured/Amazon-Google-k25-s456 --save_model --da del --dk product
# cwd: /content/drive/MyDrive/slr-experiment/ditto

/usr/local/lib/python3.12/dist-packages/spacy/pipeline/lemmatizer.py:187: UserWarning: [W108] The rule-based lemmatizer did not find POS annotation for one or more tokens. Check that your pipeline includes components that assign token.pos, typically 'tagger'+'attribute_ruler' or 'morphologizer'.
  warnings.warn(Warnings.W108)
2026-06-22 04:24:39.421338: I tensorflow/core/platform/cpu_feature_guard.cc:210] This TensorFlow binary is optimized to use available CPU instructions in performance-critical operations.
To enable the following instructions: AVX2 AVX512F FMA, in other operations, rebuild TensorFlow with the appropriate compiler flags.
Some weights of RobertaModel were not initialized from the model checkpoint at roberta-base and are newly initialized: ['pooler.dense.bias', 'pooler.dense.weight']
You should probably TRAIN this model on a down-stream task to be able to use it for predictions and inference.
step: 0, loss: 0.8837534189224243
epoch 1: dev_f1=0.185199841709537, f1=0.185199841709537, best_f1=0.185199841709537
step: 0, loss: 0.9187483787536621
epoch 2: dev_f1=0.185199841709537, f1=0.185199841709537, best_f1=0.185199841709537
step: 0, loss: 0.8731062412261963
epoch 3: dev_f1=0.185199841709537, f1=0.185199841709537, best_f1=0.185199841709537
step: 0, loss: 0.8655117750167847
epoch 4: dev_f1=0.185199841709537, f1=0.185199841709537, best_f1=0.185199841709537
step: 0, loss: 0.8783207535743713
epoch 5: dev_f1=0.185199841709537, f1=0.185199841709537, best_f1=0.185199841709537
step: 0, loss: 0.8884536623954773
epoch 6: dev_f1=0.185199841709537, f1=0.185199841709537, best_f1=0.185199841709537
step: 0, loss: 0.8610177040100098
epoch 7: dev_f1=0.185199841709537, f1=0.185199841709537, best_f1=0.185199841709537
step: 0, loss: 0.8701367974281311
epoch 8: dev_f1=0.185199841709537, f1=0.185199841709537, best_f1=0.185199841709537
step: 0, loss: 0.8643333911895752
epoch 9: dev_f1=0.185199841709537, f1=0.185199841709537, best_f1=0.185199841709537
step: 0, loss: 0.8760180473327637
epoch 10: dev_f1=0.185199841709537, f1=0.185199841709537, best_f1=0.185199841709537
step: 0, loss: 0.9037683606147766
epoch 11: dev_f1=0.185199841709537, f1=0.185199841709537, best_f1=0.185199841709537
step: 0, loss: 0.8972610235214233
epoch 12: dev_f1=0.185199841709537, f1=0.185199841709537, best_f1=0.185199841709537
step: 0, loss: 0.8608006834983826
epoch 13: dev_f1=0.185199841709537, f1=0.185199841709537, best_f1=0.185199841709537
step: 0, loss: 0.8647704124450684
epoch 14: dev_f1=0.185199841709537, f1=0.185199841709537, best_f1=0.185199841709537
step: 0, loss: 0.8413668870925903
epoch 15: dev_f1=0.185199841709537, f1=0.185199841709537, best_f1=0.185199841709537
