# Command: python train_ditto.py --task Structured/Amazon-Google-k25-s42 --batch_size 32 --max_len 256 --lr 3e-05 --n_epochs 15 --lm roberta --run_id 42 --logdir /content/drive/MyDrive/slr-experiment/models/checkpoints/Structured/Amazon-Google-k25-s42 --save_model --da del --dk product
# cwd: /content/drive/MyDrive/slr-experiment/ditto

/usr/local/lib/python3.12/dist-packages/spacy/pipeline/lemmatizer.py:187: UserWarning: [W108] The rule-based lemmatizer did not find POS annotation for one or more tokens. Check that your pipeline includes components that assign token.pos, typically 'tagger'+'attribute_ruler' or 'morphologizer'.
  warnings.warn(Warnings.W108)
2026-06-22 04:07:45.458991: I tensorflow/core/platform/cpu_feature_guard.cc:210] This TensorFlow binary is optimized to use available CPU instructions in performance-critical operations.
To enable the following instructions: AVX2 AVX512F FMA, in other operations, rebuild TensorFlow with the appropriate compiler flags.
Some weights of RobertaModel were not initialized from the model checkpoint at roberta-base and are newly initialized: ['pooler.dense.bias', 'pooler.dense.weight']
You should probably TRAIN this model on a down-stream task to be able to use it for predictions and inference.
step: 0, loss: 0.5108211636543274
epoch 1: dev_f1=0.185199841709537, f1=0.185199841709537, best_f1=0.185199841709537
step: 0, loss: 0.49120578169822693
epoch 2: dev_f1=0.185199841709537, f1=0.185199841709537, best_f1=0.185199841709537
step: 0, loss: 0.492431104183197
epoch 3: dev_f1=0.185199841709537, f1=0.185199841709537, best_f1=0.185199841709537
step: 0, loss: 0.5380917191505432
epoch 4: dev_f1=0.185199841709537, f1=0.185199841709537, best_f1=0.185199841709537
step: 0, loss: 0.5002597570419312
epoch 5: dev_f1=0.185199841709537, f1=0.185199841709537, best_f1=0.185199841709537
step: 0, loss: 0.47848495841026306
epoch 6: dev_f1=0.185199841709537, f1=0.185199841709537, best_f1=0.185199841709537
step: 0, loss: 0.510589599609375
epoch 7: dev_f1=0.185199841709537, f1=0.185199841709537, best_f1=0.185199841709537
step: 0, loss: 0.4999581575393677
epoch 8: dev_f1=0.185199841709537, f1=0.185199841709537, best_f1=0.185199841709537
step: 0, loss: 0.49785315990448
epoch 9: dev_f1=0.185199841709537, f1=0.185199841709537, best_f1=0.185199841709537
step: 0, loss: 0.5176094174385071
epoch 10: dev_f1=0.185199841709537, f1=0.185199841709537, best_f1=0.185199841709537
step: 0, loss: 0.5085160732269287
epoch 11: dev_f1=0.185199841709537, f1=0.185199841709537, best_f1=0.185199841709537
step: 0, loss: 0.5130359530448914
epoch 12: dev_f1=0.185199841709537, f1=0.185199841709537, best_f1=0.185199841709537
step: 0, loss: 0.5237410068511963
epoch 13: dev_f1=0.185199841709537, f1=0.185199841709537, best_f1=0.185199841709537
step: 0, loss: 0.5038405656814575
epoch 14: dev_f1=0.185199841709537, f1=0.185199841709537, best_f1=0.185199841709537
step: 0, loss: 0.5107147693634033
epoch 15: dev_f1=0.185199841709537, f1=0.185199841709537, best_f1=0.185199841709537
