# Command: python train_ditto.py --task Structured/Amazon-Google-kfull-s456 --batch_size 32 --max_len 256 --lr 3e-05 --n_epochs 15 --lm roberta --run_id 456 --logdir /content/drive/MyDrive/slr-experiment/models/checkpoints/Structured/Amazon-Google-kfull-s456 --save_model --da del --dk product
# cwd: /content/drive/MyDrive/slr-experiment/ditto

/usr/local/lib/python3.12/dist-packages/spacy/pipeline/lemmatizer.py:187: UserWarning: [W108] The rule-based lemmatizer did not find POS annotation for one or more tokens. Check that your pipeline includes components that assign token.pos, typically 'tagger'+'attribute_ruler' or 'morphologizer'.
  warnings.warn(Warnings.W108)
2026-06-22 09:56:15.630025: I tensorflow/core/platform/cpu_feature_guard.cc:210] This TensorFlow binary is optimized to use available CPU instructions in performance-critical operations.
To enable the following instructions: AVX2 AVX512F FMA, in other operations, rebuild TensorFlow with the appropriate compiler flags.
Some weights of RobertaModel were not initialized from the model checkpoint at roberta-base and are newly initialized: ['pooler.dense.bias', 'pooler.dense.weight']
You should probably TRAIN this model on a down-stream task to be able to use it for predictions and inference.
step: 0, loss: 0.8775563836097717
step: 10, loss: 0.414922297000885
step: 20, loss: 0.388441264629364
step: 30, loss: 0.2011391818523407
step: 40, loss: 0.2170323133468628
step: 50, loss: 0.4459967613220215
step: 60, loss: 0.4328577220439911
step: 70, loss: 0.28952261805534363
step: 80, loss: 0.3291035294532776
step: 90, loss: 0.3198740482330322
step: 100, loss: 0.1646808385848999
step: 110, loss: 0.3076373040676117
step: 120, loss: 0.22060225903987885
step: 130, loss: 0.15623793005943298
step: 140, loss: 0.050841111689805984
step: 150, loss: 0.36595916748046875
step: 160, loss: 0.37731266021728516
step: 170, loss: 0.16587236523628235
step: 180, loss: 0.226551815867424
step: 190, loss: 0.16758845746517181
step: 200, loss: 0.26877665519714355
step: 210, loss: 0.14215680956840515
epoch 1: dev_f1=0.6823956442831216, f1=0.6887661141804788, best_f1=0.6887661141804788
step: 0, loss: 0.18320226669311523
step: 10, loss: 0.24710556864738464
step: 20, loss: 0.1776019185781479
step: 30, loss: 0.21570593118667603
step: 40, loss: 0.22668981552124023
step: 50, loss: 0.12423836439847946
step: 60, loss: 0.1390007585287094
step: 70, loss: 0.18694841861724854
step: 80, loss: 0.248601496219635
step: 90, loss: 0.44549962878227234
step: 100, loss: 0.07887358963489532
step: 110, loss: 0.23551636934280396
step: 120, loss: 0.17572541534900665
step: 130, loss: 0.4018581509590149
step: 140, loss: 0.260341078042984
step: 150, loss: 0.13768261671066284
step: 160, loss: 0.19881966710090637
step: 170, loss: 0.07839033007621765
step: 180, loss: 0.13608171045780182
step: 190, loss: 0.13856709003448486
step: 200, loss: 0.18502992391586304
step: 210, loss: 0.05566694214940071
epoch 2: dev_f1=0.7228915662650602, f1=0.7058823529411765, best_f1=0.7058823529411765
step: 0, loss: 0.142954021692276
step: 10, loss: 0.14910888671875
step: 20, loss: 0.23857419192790985
step: 30, loss: 0.2109500616788864
step: 40, loss: 0.07775551080703735
step: 50, loss: 0.15736603736877441
step: 60, loss: 0.21511659026145935
step: 70, loss: 0.08020207285881042
step: 80, loss: 0.049239128828048706
step: 90, loss: 0.0685783252120018
step: 100, loss: 0.2594154179096222
step: 110, loss: 0.13909263908863068
step: 120, loss: 0.07436157763004303
step: 130, loss: 0.23041993379592896
step: 140, loss: 0.16525301337242126
step: 150, loss: 0.2540470361709595
step: 160, loss: 0.060042575001716614
step: 170, loss: 0.20999345183372498
step: 180, loss: 0.24240851402282715
step: 190, loss: 0.03250708431005478
step: 200, loss: 0.0646030455827713
step: 210, loss: 0.23600102961063385
epoch 3: dev_f1=0.7453416149068323, f1=0.7440860215053764, best_f1=0.7440860215053764
step: 0, loss: 0.07199274748563766
step: 10, loss: 0.03771178051829338
step: 20, loss: 0.027226842939853668
step: 30, loss: 0.1431143581867218
step: 40, loss: 0.38618531823158264
step: 50, loss: 0.04518292099237442
step: 60, loss: 0.03962826356291771
step: 70, loss: 0.14017744362354279
step: 80, loss: 0.2233540415763855
step: 90, loss: 0.09125855565071106
step: 100, loss: 0.10274118930101395
step: 110, loss: 0.03839431330561638
step: 120, loss: 0.2667035758495331
step: 130, loss: 0.20897425711154938
step: 140, loss: 0.08708875626325607
step: 150, loss: 0.159817174077034
step: 160, loss: 0.12563994526863098
step: 170, loss: 0.1858309805393219
step: 180, loss: 0.12729744613170624
step: 190, loss: 0.08503077924251556
step: 200, loss: 0.3179154396057129
step: 210, loss: 0.15110179781913757
epoch 4: dev_f1=0.7401574803149606, f1=0.7416173570019724, best_f1=0.7440860215053764
step: 0, loss: 0.07757368683815002
step: 10, loss: 0.04966273158788681
step: 20, loss: 0.074508897960186
step: 30, loss: 0.09199623763561249
step: 40, loss: 0.1665402054786682
step: 50, loss: 0.03971526026725769
step: 60, loss: 0.014328937977552414
step: 70, loss: 0.06469466537237167
step: 80, loss: 0.015669874846935272
step: 90, loss: 0.033603813499212265
step: 100, loss: 0.12525370717048645
step: 110, loss: 0.1791931688785553
step: 120, loss: 0.07054862380027771
step: 130, loss: 0.24885065853595734
step: 140, loss: 0.10935177654027939
step: 150, loss: 0.17113415896892548
step: 160, loss: 0.17279255390167236
step: 170, loss: 0.09385935962200165
step: 180, loss: 0.28105223178863525
step: 190, loss: 0.049664366990327835
step: 200, loss: 0.16477563977241516
step: 210, loss: 0.149309903383255
epoch 5: dev_f1=0.7714285714285715, f1=0.7447698744769874, best_f1=0.7447698744769874
step: 0, loss: 0.00932309590280056
step: 10, loss: 0.09821747243404388
step: 20, loss: 0.013063661754131317
step: 30, loss: 0.0890749841928482
step: 40, loss: 0.036601997911930084
step: 50, loss: 0.3038737177848816
step: 60, loss: 0.014206505380570889
step: 70, loss: 0.059324417263269424
step: 80, loss: 0.038171716034412384
step: 90, loss: 0.1505413055419922
step: 100, loss: 0.053133491426706314
step: 110, loss: 0.11398273706436157
step: 120, loss: 0.11043065786361694
step: 130, loss: 0.035327713936567307
step: 140, loss: 0.013186858035624027
step: 150, loss: 0.008725790306925774
step: 160, loss: 0.22522065043449402
step: 170, loss: 0.04209228232502937
step: 180, loss: 0.09751870483160019
step: 190, loss: 0.04462830722332001
step: 200, loss: 0.025200117379426956
step: 210, loss: 0.052522387355566025
epoch 6: dev_f1=0.746031746031746, f1=0.7420634920634921, best_f1=0.7447698744769874
step: 0, loss: 0.08903571218252182
step: 10, loss: 0.028478877618908882
step: 20, loss: 0.006254291161894798
step: 30, loss: 0.011475889012217522
step: 40, loss: 0.1585817039012909
step: 50, loss: 0.01952347159385681
step: 60, loss: 0.028350627049803734
step: 70, loss: 0.07701227813959122
step: 80, loss: 0.09234962612390518
step: 90, loss: 0.013846032321453094
step: 100, loss: 0.01283528096973896
step: 110, loss: 0.005246568471193314
step: 120, loss: 0.12060415744781494
step: 130, loss: 0.04005568102002144
step: 140, loss: 0.02931153029203415
step: 150, loss: 0.1008034348487854
step: 160, loss: 0.2054884433746338
step: 170, loss: 0.08901919424533844
step: 180, loss: 0.028045564889907837
step: 190, loss: 0.028641153126955032
step: 200, loss: 0.01644797995686531
step: 210, loss: 0.1355631947517395
epoch 7: dev_f1=0.7533460803059273, f1=0.748062015503876, best_f1=0.7447698744769874
step: 0, loss: 0.07822714745998383
step: 10, loss: 0.0071815564297139645
step: 20, loss: 0.0071251573972404
step: 30, loss: 0.041563406586647034
step: 40, loss: 0.026490526273846626
step: 50, loss: 0.14566923677921295
step: 60, loss: 0.022409100085496902
step: 70, loss: 0.010987476445734501
step: 80, loss: 0.061092473566532135
step: 90, loss: 0.03633910417556763
step: 100, loss: 0.02645852044224739
step: 110, loss: 0.06436189264059067
step: 120, loss: 0.12398935854434967
step: 130, loss: 0.04066045582294464
step: 140, loss: 0.01583683304488659
step: 150, loss: 0.06809684634208679
step: 160, loss: 0.006353023927658796
step: 170, loss: 0.07075582444667816
step: 180, loss: 0.08574467897415161
step: 190, loss: 0.003518048208206892
step: 200, loss: 0.09677661210298538
step: 210, loss: 0.012121891602873802
epoch 8: dev_f1=0.7406015037593985, f1=0.734375, best_f1=0.7447698744769874
step: 0, loss: 0.06824569404125214
step: 10, loss: 0.009684677235782146
step: 20, loss: 0.03609517216682434
step: 30, loss: 0.04657020792365074
step: 40, loss: 0.1191525012254715
step: 50, loss: 0.01246216893196106
step: 60, loss: 0.08225280791521072
step: 70, loss: 0.08454415202140808
step: 80, loss: 0.07868736237287521
step: 90, loss: 0.018030967563390732
step: 100, loss: 0.005106860771775246
step: 110, loss: 0.1504276692867279
step: 120, loss: 0.1567300260066986
step: 130, loss: 0.016335872933268547
step: 140, loss: 0.14442357420921326
step: 150, loss: 0.026969218626618385
step: 160, loss: 0.022523676976561546
step: 170, loss: 0.03430991992354393
step: 180, loss: 0.03900060057640076
step: 190, loss: 0.05566752701997757
step: 200, loss: 0.1807347685098648
step: 210, loss: 0.035154860466718674
epoch 9: dev_f1=0.7441860465116279, f1=0.75049115913556, best_f1=0.7447698744769874
step: 0, loss: 0.07172785699367523
step: 10, loss: 0.05335994064807892
step: 20, loss: 0.1865706443786621
step: 30, loss: 0.13795265555381775
step: 40, loss: 0.048112183809280396
step: 50, loss: 0.19942434132099152
step: 60, loss: 0.08249583095312119
step: 70, loss: 0.1330990195274353
step: 80, loss: 0.10488040000200272
step: 90, loss: 0.03026997670531273
step: 100, loss: 0.15241214632987976
step: 110, loss: 0.003655453212559223
step: 120, loss: 0.019616417586803436
step: 130, loss: 0.2004287987947464
step: 140, loss: 0.002499558962881565
step: 150, loss: 0.12242323905229568
step: 160, loss: 0.0024127152282744646
step: 170, loss: 0.09430046379566193
step: 180, loss: 0.024745017290115356
step: 190, loss: 0.009003688581287861
step: 200, loss: 0.05804384872317314
step: 210, loss: 0.05451643466949463
epoch 10: dev_f1=0.74609375, f1=0.7568627450980392, best_f1=0.7447698744769874
step: 0, loss: 0.05786234885454178
step: 10, loss: 0.0875343531370163
step: 20, loss: 0.03131948411464691
step: 30, loss: 0.16028724610805511
step: 40, loss: 0.013072535395622253
step: 50, loss: 0.02603515237569809
step: 60, loss: 0.002597435377538204
step: 70, loss: 0.020761223509907722
step: 80, loss: 0.04639020934700966
step: 90, loss: 0.09757077693939209
step: 100, loss: 0.0029572255443781614
step: 110, loss: 0.08394449204206467
step: 120, loss: 0.018830129876732826
step: 130, loss: 0.01981375366449356
step: 140, loss: 0.04885528236627579
step: 150, loss: 0.04470769688487053
step: 160, loss: 0.042157191783189774
step: 170, loss: 0.005142437759786844
step: 180, loss: 0.014937671832740307
step: 190, loss: 0.015248569659888744
step: 200, loss: 0.13568934798240662
step: 210, loss: 0.022230885922908783
epoch 11: dev_f1=0.7509881422924901, f1=0.7519685039370079, best_f1=0.7447698744769874
step: 0, loss: 0.018063846975564957
step: 10, loss: 0.009022417478263378
step: 20, loss: 0.04757770150899887
step: 30, loss: 0.018590228632092476
step: 40, loss: 0.020535362884402275
step: 50, loss: 0.0034786288160830736
step: 60, loss: 0.013925767503678799
step: 70, loss: 0.0025723117869347334
step: 80, loss: 0.01920222118496895
step: 90, loss: 0.022723378613591194
step: 100, loss: 0.025608530268073082
step: 110, loss: 0.03813732787966728
step: 120, loss: 0.12008444219827652
step: 130, loss: 0.055106211453676224
step: 140, loss: 0.03923540189862251
step: 150, loss: 0.0020883174147456884
step: 160, loss: 0.06995950639247894
step: 170, loss: 0.11418738216161728
step: 180, loss: 0.10539232939481735
step: 190, loss: 0.004153496120125055
step: 200, loss: 0.0038655733224004507
step: 210, loss: 0.0026436622720211744
epoch 12: dev_f1=0.7470355731225297, f1=0.7592954990215264, best_f1=0.7447698744769874
step: 0, loss: 0.021325180307030678
step: 10, loss: 0.045694854110479355
step: 20, loss: 0.025964053347706795
step: 30, loss: 0.03649010509252548
step: 40, loss: 0.02515507861971855
step: 50, loss: 0.011955028399825096
step: 60, loss: 0.015202119946479797
step: 70, loss: 0.020962290465831757
step: 80, loss: 0.01466779038310051
step: 90, loss: 0.1467614471912384
step: 100, loss: 0.08793160319328308
step: 110, loss: 0.006448942236602306
step: 120, loss: 0.0045754993334412575
step: 130, loss: 0.0182636845856905
step: 140, loss: 0.03286924585700035
step: 150, loss: 0.03885549306869507
step: 160, loss: 0.006406574975699186
step: 170, loss: 0.008940497413277626
step: 180, loss: 0.06426491588354111
step: 190, loss: 0.002917835023254156
step: 200, loss: 0.029060158878564835
step: 210, loss: 0.005246690474450588
epoch 13: dev_f1=0.75, f1=0.7550200803212851, best_f1=0.7447698744769874
step: 0, loss: 0.015688516199588776
step: 10, loss: 0.05203857272863388
step: 20, loss: 0.03898710757493973
step: 30, loss: 0.007564876694232225
step: 40, loss: 0.012843441218137741
step: 50, loss: 0.017047353088855743
step: 60, loss: 0.0031658634543418884
step: 70, loss: 0.04717893525958061
step: 80, loss: 0.0030952119268476963
step: 90, loss: 0.003564436687156558
step: 100, loss: 0.19877243041992188
step: 110, loss: 0.013697067275643349
step: 120, loss: 0.004249259829521179
step: 130, loss: 0.007624099031090736
step: 140, loss: 0.04401485249400139
step: 150, loss: 0.09173225611448288
step: 160, loss: 0.001001524506136775
step: 170, loss: 0.10286177694797516
step: 180, loss: 0.04435157775878906
step: 190, loss: 0.03345349803566933
step: 200, loss: 0.0011881972895935178
step: 210, loss: 0.0864129513502121
epoch 14: dev_f1=0.7626774847870182, f1=0.7679671457905544, best_f1=0.7447698744769874
step: 0, loss: 0.016185875982046127
step: 10, loss: 0.058329325169324875
step: 20, loss: 0.06596337258815765
step: 30, loss: 0.0010288746561855078
step: 40, loss: 0.01999291032552719
step: 50, loss: 0.11535046994686127
step: 60, loss: 0.007262653671205044
step: 70, loss: 0.02542342245578766
step: 80, loss: 0.014426897279918194
step: 90, loss: 0.014577935449779034
step: 100, loss: 0.020546967163681984
step: 110, loss: 0.000904362415894866
step: 120, loss: 0.13604693114757538
step: 130, loss: 0.00495886942371726
step: 140, loss: 0.01226187776774168
step: 150, loss: 0.0036706223618239164
step: 160, loss: 0.04433984309434891
step: 170, loss: 0.04340633749961853
step: 180, loss: 0.02641322836279869
step: 190, loss: 0.0013709794729948044
step: 200, loss: 0.002803604584187269
step: 210, loss: 0.0006580912158824503
epoch 15: dev_f1=0.7579365079365079, f1=0.7584830339321357, best_f1=0.7447698744769874
