# Command: python train_ditto.py --task Structured/Amazon-Google-k50-s42 --batch_size 32 --max_len 256 --lr 3e-05 --n_epochs 15 --lm roberta --run_id 42 --logdir /content/drive/MyDrive/slr-experiment/models/checkpoints/Structured/Amazon-Google-k50-s42 --save_model --da del --dk product
# cwd: /content/drive/MyDrive/slr-experiment/ditto

/usr/local/lib/python3.12/dist-packages/spacy/pipeline/lemmatizer.py:187: UserWarning: [W108] The rule-based lemmatizer did not find POS annotation for one or more tokens. Check that your pipeline includes components that assign token.pos, typically 'tagger'+'attribute_ruler' or 'morphologizer'.
  warnings.warn(Warnings.W108)
2026-06-22 04:44:10.365427: I tensorflow/core/platform/cpu_feature_guard.cc:210] This TensorFlow binary is optimized to use available CPU instructions in performance-critical operations.
To enable the following instructions: AVX2 AVX512F FMA, in other operations, rebuild TensorFlow with the appropriate compiler flags.
Some weights of RobertaModel were not initialized from the model checkpoint at roberta-base and are newly initialized: ['pooler.dense.bias', 'pooler.dense.weight']
You should probably TRAIN this model on a down-stream task to be able to use it for predictions and inference.
step: 0, loss: 0.4957863986492157
epoch 1: dev_f1=0.185199841709537, f1=0.185199841709537, best_f1=0.185199841709537
step: 0, loss: 0.345594584941864
epoch 2: dev_f1=0.18550955414012738, f1=0.18564061880206267, best_f1=0.18564061880206267
step: 0, loss: 0.4214818477630615
epoch 3: dev_f1=0.19747416762342135, f1=0.1849544801149976, best_f1=0.1849544801149976
step: 0, loss: 0.45849260687828064
epoch 4: dev_f1=0.1890909090909091, f1=0.16192937123169682, best_f1=0.1849544801149976
step: 0, loss: 0.49209457635879517
epoch 5: dev_f1=0.2177688710754843, f1=0.20010106114199092, best_f1=0.20010106114199092
step: 0, loss: 0.3911973237991333
epoch 6: dev_f1=0.19306930693069307, f1=0.1724137931034483, best_f1=0.20010106114199092
step: 0, loss: 0.3336893916130066
epoch 7: dev_f1=0.18890200708382526, f1=0.17979002624671916, best_f1=0.20010106114199092
step: 0, loss: 0.4451494812965393
epoch 8: dev_f1=0.185199841709537, f1=0.185199841709537, best_f1=0.20010106114199092
step: 0, loss: 0.20808899402618408
epoch 9: dev_f1=0.185199841709537, f1=0.185199841709537, best_f1=0.20010106114199092
step: 0, loss: 0.3485689163208008
epoch 10: dev_f1=0.185199841709537, f1=0.185199841709537, best_f1=0.20010106114199092
step: 0, loss: 0.3414478302001953
epoch 11: dev_f1=0.185199841709537, f1=0.185199841709537, best_f1=0.20010106114199092
step: 0, loss: 0.19041620194911957
epoch 12: dev_f1=0.185199841709537, f1=0.185199841709537, best_f1=0.20010106114199092
step: 0, loss: 0.4572663903236389
epoch 13: dev_f1=0.185199841709537, f1=0.185199841709537, best_f1=0.20010106114199092
step: 0, loss: 0.44658535718917847
epoch 14: dev_f1=0.185199841709537, f1=0.185199841709537, best_f1=0.20010106114199092
step: 0, loss: 0.4318578839302063
epoch 15: dev_f1=0.185199841709537, f1=0.185199841709537, best_f1=0.20010106114199092
