# Command: python train_ditto.py --task Structured/Amazon-Google-k50-s123 --batch_size 32 --max_len 256 --lr 3e-05 --n_epochs 15 --lm roberta --run_id 123 --logdir /content/drive/MyDrive/slr-experiment/models/checkpoints/Structured/Amazon-Google-k50-s123 --save_model --da del --dk product
# cwd: /content/drive/MyDrive/slr-experiment/ditto

/usr/local/lib/python3.12/dist-packages/spacy/pipeline/lemmatizer.py:187: UserWarning: [W108] The rule-based lemmatizer did not find POS annotation for one or more tokens. Check that your pipeline includes components that assign token.pos, typically 'tagger'+'attribute_ruler' or 'morphologizer'.
  warnings.warn(Warnings.W108)
2026-06-22 04:54:00.378964: I tensorflow/core/platform/cpu_feature_guard.cc:210] This TensorFlow binary is optimized to use available CPU instructions in performance-critical operations.
To enable the following instructions: AVX2 AVX512F FMA, in other operations, rebuild TensorFlow with the appropriate compiler flags.
Some weights of RobertaModel were not initialized from the model checkpoint at roberta-base and are newly initialized: ['pooler.dense.bias', 'pooler.dense.weight']
You should probably TRAIN this model on a down-stream task to be able to use it for predictions and inference.
step: 0, loss: 0.623790979385376
epoch 1: dev_f1=0.185199841709537, f1=0.185199841709537, best_f1=0.185199841709537
step: 0, loss: 0.4293258786201477
epoch 2: dev_f1=0.185199841709537, f1=0.185199841709537, best_f1=0.185199841709537
step: 0, loss: 0.29091253876686096
epoch 3: dev_f1=0.27722772277227725, f1=0.24839400428265523, best_f1=0.24839400428265523
step: 0, loss: 0.38679617643356323
epoch 4: dev_f1=0.21664766248574688, f1=0.20155844155844155, best_f1=0.24839400428265523
step: 0, loss: 0.2797614336013794
epoch 5: dev_f1=0.1953125, f1=0.17095435684647303, best_f1=0.24839400428265523
step: 0, loss: 0.41906094551086426
epoch 6: dev_f1=0.28938906752411575, f1=0.2039274924471299, best_f1=0.2039274924471299
step: 0, loss: 0.3392978012561798
epoch 7: dev_f1=0.32108843537414966, f1=0.22633451957295372, best_f1=0.22633451957295372
step: 0, loss: 0.2811676561832428
epoch 8: dev_f1=0.27539503386004516, f1=0.22199170124481327, best_f1=0.22633451957295372
step: 0, loss: 0.30350935459136963
epoch 9: dev_f1=0.27539503386004516, f1=0.22199170124481327, best_f1=0.22633451957295372
step: 0, loss: 0.20562249422073364
epoch 10: dev_f1=0.27539503386004516, f1=0.22199170124481327, best_f1=0.22633451957295372
step: 0, loss: 0.2994769811630249
epoch 11: dev_f1=0.27539503386004516, f1=0.22199170124481327, best_f1=0.22633451957295372
step: 0, loss: 0.3211074471473694
epoch 12: dev_f1=0.27539503386004516, f1=0.22199170124481327, best_f1=0.22633451957295372
step: 0, loss: 0.3323141038417816
epoch 13: dev_f1=0.27539503386004516, f1=0.22199170124481327, best_f1=0.22633451957295372
step: 0, loss: 0.28267696499824524
epoch 14: dev_f1=0.27539503386004516, f1=0.22199170124481327, best_f1=0.22633451957295372
step: 0, loss: 0.3030346632003784
epoch 15: dev_f1=0.27539503386004516, f1=0.22199170124481327, best_f1=0.22633451957295372
